---
source: crates/forge_domain/src/tool_result.rs
expression: result
---
<tool_result><tool_name>test_tool</tool_name><success><![CDATA[]]></success></tool_result>
