---
source: crates/forge_domain/src/tool_result.rs
expression: failure.output.as_str().unwrap()
---
<error><![CDATA[error 3

Caused by:
    0: error 2
    1: error 1]]></error>
