---
source: crates/forge_domain/src/tool_result.rs
expression: result
---
<tool_result><tool_name>xml_tool</tool_name><success><![CDATA[{"nested":{"html":"<div>Test</div>"},"text":"Special chars: < > & ' \""}]]></success></tool_result>
