---
source: crates/forge_app/src/tools/patch/apply.rs
expression: content1
snapshot_kind: text
---
// Header comment


function test() {
    // Inside comment

    let y = 2;


    console.log(y);
}

// Footer comment
