---
source: crates/forge_services/src/tools/patch/apply.rs
expression: "TempDir::normalize(&result)"
---
<file_content path="[TEMP_DIR]/test.txt">


// Header comment


function test() {
    // Inside comment

    let y = 2;


    console.log(y);
}



// Updated footer
</file_content>
