---
source: crates/forge_app/src/tools/patch/apply.rs
expression: "TempDir::normalize(&result)"
snapshot_kind: text
---
<file_content path="[TEMP_DIR]/test.txt">
class UserManager {
  async findUser(id, options = {}) {
    const user = await this.db.findOne({ userId: id, ...options });
    if (!user) {
      throw new UserNotFoundError(id);
    }
    return this.sanitizeUser(user);
  }
}
</file_content>
