---
source: crates/forge_services/src/tools/fs/fs_write.rs
expression: normalized_output
---
---
path: [TEMP_DIR]/test.rs
operation: CREATE
total_chars: 25
---
