---
source: crates/forge_open_router/src/open_router/request.rs
expression: router_message
---
{
  "role": "user",
  "content": "Hello"
}
