---
source: crates/forge_provider/src/forge_provider/request.rs
expression: router_message
snapshot_kind: text
---
{
  "role": "tool",
  "content": "{\n                \"html\": \"<div class=\\\"container\\\"><p>Hello <World></p></div>\",\n                \"elements\": [\"<span>\", \"<br/>\", \"<hr>\"],\n                \"attributes\": {\n                    \"style\": \"color: blue; font-size: 12px;\",\n                    \"data-test\": \"<test>&value</test>\"\n                }\n            }",
  "name": "html_tool",
  "tool_call_id": "456"
}
