---
source: crates/forge_app/src/operation.rs
expression: to_value(actual)
---
<interrupted>No feedback provided</interrupted>
