---
source: crates/forge_app/src/operation.rs
expression: to_value(actual)
---
<search_results
  path="/home/user/project"
  regex="NonExistentPattern"
>
</search_results>
