---
source: crates/forge_app/src/tools/patch/apply.rs
expression: final_content
snapshot_kind: text
---
    New First    
  Middle Line  
    New Last
