---
source: crates/forge_app/src/tools/patch/apply.rs
expression: "TempDir::normalize(&result)"
snapshot_kind: text
---
<file_content path="[TEMP_DIR]/test.txt">



// New header



function test() {
    // Inside comment

    let y = 2;


    console.log(y);
}



// Updated footer
</file_content>
