---
source: crates/forge_app/src/tools/patch/apply_json.rs
expression: actual
snapshot_kind: text
---
<!-- INITIAL -->foox
<!-- REPLACEMENTS -->
<!-- SEARCH -->foo
<!-- REPLACE -->bar
<!-- FINAL -->barx
