---
source: crates/forge_app/src/tools/patch/apply_json.rs
expression: actual
snapshot_kind: text
---
<!-- INITIAL -->foo bar foo
<!-- REPLACEMENTS -->
<!-- SEARCH -->foo
<!-- REPLACE -->baz
<!-- FINAL -->baz bar foo
