---
source: crates/forge_app/src/tools/patch/apply_json.rs
expression: actual
snapshot_kind: text
---
<!-- INITIAL -->Hello 世界 World
<!-- REPLACEMENTS -->
<!-- SEARCH -->世界 World
<!-- REPLACE -->地球
<!-- FINAL -->Hello 地球
