---
source: crates/forge_app/src/tools/patch/apply_json.rs
expression: actual
snapshot_kind: text
---
<!-- INITIAL -->foo
<!-- REPLACEMENTS -->
<!-- SEARCH -->
<!-- REPLACE --> bar
<!-- FINAL -->foo bar
